<?php return array (
  0 => 'Symfony\\Component\\Cache\\Adapter\\ApcuAdapter',
  1 => 'Symfony\\Component\\Cache\\Adapter\\FilesystemAdapter',
  2 => 'Symfony\\Component\\Cache\\CacheItem',
  3 => 'Symfony\\Component\\Routing\\Generator\\UrlGenerator',
  4 => 'Symfony\\Component\\Routing\\RequestContext',
  5 => 'Symfony\\Component\\Routing\\Router',
  6 => 'Symfony\\Bundle\\FrameworkBundle\\Routing\\RedirectableUrlMatcher',
  7 => 'Symfony\\Bundle\\FrameworkBundle\\Routing\\Router',
  8 => 'Symfony\\Component\\Cache\\Adapter\\PhpArrayAdapter',
  9 => 'Symfony\\Component\\Cache\\DoctrineProvider',
  10 => 'Symfony\\Component\\Config\\ConfigCache',
  11 => 'Symfony\\Component\\Config\\FileLocator',
  12 => 'Symfony\\Component\\Debug\\ErrorHandler',
  13 => 'Symfony\\Component\\DependencyInjection\\ContainerAwareInterface',
  14 => 'Symfony\\Component\\DependencyInjection\\Container',
  15 => 'Symfony\\Component\\EventDispatcher\\Event',
  16 => 'Symfony\\Component\\EventDispatcher\\ContainerAwareEventDispatcher',
  17 => 'Symfony\\Component\\HttpKernel\\EventListener\\ResponseListener',
  18 => 'Symfony\\Component\\HttpKernel\\EventListener\\RouterListener',
  19 => 'Symfony\\Component\\HttpKernel\\Bundle\\Bundle',
  20 => 'Symfony\\Component\\HttpKernel\\Controller\\ControllerResolver',
  21 => 'Symfony\\Component\\HttpKernel\\Controller\\ArgumentResolver',
  22 => 'Symfony\\Component\\HttpKernel\\ControllerMetadata\\ArgumentMetadata',
  23 => 'Symfony\\Component\\HttpKernel\\ControllerMetadata\\ArgumentMetadataFactory',
  24 => 'Symfony\\Component\\HttpKernel\\Event\\KernelEvent',
  25 => 'Symfony\\Component\\HttpKernel\\Event\\FilterControllerEvent',
  26 => 'Symfony\\Component\\HttpKernel\\Event\\FilterResponseEvent',
  27 => 'Symfony\\Component\\HttpKernel\\Event\\GetResponseEvent',
  28 => 'Symfony\\Component\\HttpKernel\\Event\\GetResponseForControllerResultEvent',
  29 => 'Symfony\\Component\\HttpKernel\\Event\\GetResponseForExceptionEvent',
  30 => 'Symfony\\Component\\HttpKernel\\HttpKernel',
  31 => 'Symfony\\Component\\HttpKernel\\KernelEvents',
  32 => 'Symfony\\Component\\HttpKernel\\Config\\FileLocator',
  33 => 'Symfony\\Bundle\\FrameworkBundle\\Controller\\ControllerNameParser',
  34 => 'Symfony\\Bundle\\FrameworkBundle\\Controller\\ControllerResolver',
);